// Jest Snapshot v1, https://goo.gl/fbAQLP

exports[`ListLandForSaleScreen renders the component 1`] = `
<LandForSaleList
  landForSaleList={Array []}
  renderItem={[Function]}
/>
`;
