// Jest Snapshot v1, https://goo.gl/fbAQLP

exports[`BuyLand renders the component 1`] = `
<Component
  style={
    Object {
      "alignItems": "center",
      "backgroundColor": "#fff",
      "flex": 1,
      "justifyContent": "center",
    }
  }
>
  <LandForSale
    landForSale={
      Object {
        "asset": Object {
          "id": -1,
          "img": "https://decentraland.org/images/logo-65f7b27caf.png",
          "name": "Not found",
        },
        "id": 123,
        "priceMana": 0,
        "priceUSD": 0,
      }
    }
  />
  <Component
    style={
      Object {
        "flexDirection": "row",
        "marginTop": 66.7,
      }
    }
  >
    <Button
      onPress={[Function]}
      title="Buy"
    />
  </Component>
</Component>
`;
